app/dashboard/library/upload/page.tsx(30,9): error TS2322: Type '"VIDEO"' is not assignable to type 'ContentType'.
app/reader/[id]/page-with-tracking.tsx(5,37): error TS2307: Cannot find module '@/hooks/use-auto-track' or its corresponding type declarations.
components/annotations/AnnotationSearch.tsx(5,57): error TS2307: Cannot find module '@/hooks/use-annotations' or its corresponding type declarations.
components/annotations/AnnotationSearch.tsx(155,24): error TS7006: Parameter 'annotation' implicitly has an 'any' type.
components/auth/ContextSwitcher.tsx(72,103): error TS2339: Property 'role' does not exist on type 'User'.
components/cornell/modes/ScientificModeLayout.tsx(97,46): error TS2802: Type 'Set<string>' can only be iterated through when using the '--downlevelIteration' flag or with a '--target' of 'es2015' or higher.
hooks/cornell/use-offline-sync.ts(3,33): error TS2307: Cannot find module '../use-online-status' or its corresponding type declarations.
hooks/pedagogical/use-interventions.ts(3,36): error TS2459: Module '"@/lib/pedagogical/mode-configs"' declares 'ContentMode' locally, but it is not exported.
hooks/pedagogical/use-interventions.ts(22,32): error TS7053: Element implicitly has an 'any' type because expression of type 'ContentMode' can't be used to index type 'Record<ContentMode, PedagogicalConfig>'.
hooks/telemetry/use-telemetry.ts(40,30): error TS2339: Property 'mode' does not exist on type 'ContentMode'.
lib/pedagogical/intervention-manager.ts(45,38): error TS2551: Property 'maxInterventionsPerSession' does not exist on type 'PedagogicalConfig'. Did you mean 'interventionMaxPerSession'?
tests/e2e/admin-analytics-ai.spec.ts(51,12): error TS18047: 'aiResponse' is possibly 'null'.
tests/e2e/admin-analytics-ai.spec.ts(78,34): error TS18047: 'totalTokensText' is possibly 'null'.
tests/e2e/admin-analytics-ai.spec.ts(84,36): error TS18047: 'totalRequestsText' is possibly 'null'.
tests/e2e/admin-analytics-ai.spec.ts(105,21): error TS2345: Argument of type 'string | null' is not assignable to parameter of type 'string'.
  Type 'null' is not assignable to type 'string'.
tests/e2e/admin-analytics-ai.spec.ts(141,21): error TS2345: Argument of type 'string | null' is not assignable to parameter of type 'string'.
  Type 'null' is not assignable to type 'string'.
tests/e2e/billing/billing.spec.ts(2,27): error TS2307: Cannot find module './../pages/login-page' or its corresponding type declarations.
tests/e2e/sprint3-reading-persistence.spec.ts(158,38): error TS7006: Parameter 'e' implicitly has an 'any' type.
tests/integration/cornell-actions.integration.test.tsx(51,13): error TS2322: Type '{ title: string; contentId: string; mode: "original"; onModeToggle: Mock<any, any, any>; saveStatus: "saved"; targetType: "PDF"; viewer: Element; streamItems: never[]; cues: never[]; onCuesChange: Mock<...>; summary: string; onSummaryChange: Mock<...>; onCreateStreamItem: Mock<...>; }' is not assignable to type 'ModernCornellLayoutProps'.
  Types of property 'targetType' are incompatible.
    Type '"PDF"' is not assignable to type 'ContentType'.
tests/integration/cornell-layout.integration.test.tsx(39,15): error TS2322: Type '{ title: string; contentId: string; mode: "original"; onModeToggle: Mock<any, any, any>; saveStatus: "saved"; targetType: "PDF"; viewer: Element; streamItems: never[]; cues: never[]; onCuesChange: Mock<...>; summary: string; onSummaryChange: Mock<...>; }' is not assignable to type 'ModernCornellLayoutProps'.
  Types of property 'targetType' are incompatible.
    Type '"PDF"' is not assignable to type 'ContentType'.
tests/integration/cornell-layout.integration.test.tsx(50,15): error TS2322: Type '{ title: string; contentId: string; mode: "original"; onModeToggle: Mock<any, any, any>; saveStatus: "saved"; targetType: "PDF"; viewer: Element; streamItems: never[]; cues: never[]; onCuesChange: Mock<...>; summary: string; onSummaryChange: Mock<...>; }' is not assignable to type 'ModernCornellLayoutProps'.
  Types of property 'targetType' are incompatible.
    Type '"PDF"' is not assignable to type 'ContentType'.
tests/integration/cornell-layout.integration.test.tsx(69,15): error TS2322: Type '{ title: string; contentId: string; mode: "original"; onModeToggle: Mock<any, any, any>; saveStatus: "saved"; targetType: "PDF"; viewer: Element; streamItems: never[]; cues: never[]; onCuesChange: Mock<...>; summary: string; onSummaryChange: Mock<...>; }' is not assignable to type 'ModernCornellLayoutProps'.
  Types of property 'targetType' are incompatible.
    Type '"PDF"' is not assignable to type 'ContentType'.
tests/integration/cornell-layout.integration.test.tsx(95,15): error TS2322: Type '{ title: string; contentId: string; mode: "original"; onModeToggle: Mock<any, any, any>; saveStatus: "saved"; targetType: "PDF"; viewer: Element; streamItems: never[]; cues: never[]; onCuesChange: Mock<...>; summary: string; onSummaryChange: Mock<...>; }' is not assignable to type 'ModernCornellLayoutProps'.
  Types of property 'targetType' are incompatible.
    Type '"PDF"' is not assignable to type 'ContentType'.
tests/integration/cornell-layout.integration.test.tsx(102,15): error TS2322: Type '{ title: string; contentId: string; mode: "original"; onModeToggle: Mock<any, any, any>; saveStatus: "saved"; targetType: "PDF"; viewer: Element; streamItems: never[]; cues: never[]; onCuesChange: Mock<...>; summary: string; onSummaryChange: Mock<...>; }' is not assignable to type 'ModernCornellLayoutProps'.
  Types of property 'targetType' are incompatible.
    Type '"PDF"' is not assignable to type 'ContentType'.
tests/integration/cornell-layout.integration.test.tsx(124,15): error TS2322: Type '{ title: string; contentId: string; mode: "original"; onModeToggle: Mock<any, any, any>; saveStatus: "saved"; targetType: "PDF"; viewer: Element; streamItems: never[]; cues: never[]; onCuesChange: Mock<...>; summary: string; onSummaryChange: Mock<...>; }' is not assignable to type 'ModernCornellLayoutProps'.
  Types of property 'targetType' are incompatible.
    Type '"PDF"' is not assignable to type 'ContentType'.
tests/integration/cornell-layout.integration.test.tsx(134,15): error TS2322: Type '{ title: string; contentId: string; mode: "original"; onModeToggle: Mock<any, any, any>; saveStatus: "saved"; targetType: "PDF"; viewer: Element; streamItems: never[]; cues: never[]; onCuesChange: Mock<...>; summary: string; onSummaryChange: Mock<...>; }' is not assignable to type 'ModernCornellLayoutProps'.
  Types of property 'targetType' are incompatible.
    Type '"PDF"' is not assignable to type 'ContentType'.
tests/integration/cornell-layout.integration.test.tsx(141,15): error TS2322: Type '{ title: string; contentId: string; mode: "original"; onModeToggle: Mock<any, any, any>; saveStatus: "saved"; targetType: "PDF"; viewer: Element; streamItems: never[]; cues: never[]; onCuesChange: Mock<...>; summary: string; onSummaryChange: Mock<...>; }' is not assignable to type 'ModernCornellLayoutProps'.
  Types of property 'targetType' are incompatible.
    Type '"PDF"' is not assignable to type 'ContentType'.
tests/integration/cornell-layout.integration.test.tsx(149,37): error TS2322: Type '{ title: string; contentId: string; mode: "original"; onModeToggle: Mock<any, any, any>; saveStatus: "saved"; targetType: "PDF"; viewer: Element; streamItems: never[]; cues: never[]; onCuesChange: Mock<...>; summary: string; onSummaryChange: Mock<...>; }' is not assignable to type 'ModernCornellLayoutProps'.
  Types of property 'targetType' are incompatible.
    Type '"PDF"' is not assignable to type 'ContentType'.
tests/integration/cornell-layout.integration.test.tsx(161,15): error TS2322: Type '{ title: string; contentId: string; mode: "original"; onModeToggle: Mock<any, any, any>; saveStatus: "saved"; targetType: "PDF"; viewer: Element; streamItems: never[]; cues: never[]; onCuesChange: Mock<...>; summary: string; onSummaryChange: Mock<...>; }' is not assignable to type 'ModernCornellLayoutProps'.
  Types of property 'targetType' are incompatible.
    Type '"PDF"' is not assignable to type 'ContentType'.
tests/integration/cornell-layout.integration.test.tsx(169,15): error TS2322: Type '{ title: string; contentId: string; mode: "original"; onModeToggle: Mock<any, any, any>; saveStatus: "saved"; targetType: "PDF"; viewer: Element; streamItems: never[]; cues: never[]; onCuesChange: Mock<...>; summary: string; onSummaryChange: Mock<...>; }' is not assignable to type 'ModernCornellLayoutProps'.
  Types of property 'targetType' are incompatible.
    Type '"PDF"' is not assignable to type 'ContentType'.
tests/integration/cornell-layout.integration.test.tsx(181,15): error TS2322: Type '{ title: string; contentId: string; mode: "original"; onModeToggle: Mock<any, any, any>; saveStatus: "saved"; targetType: "PDF"; viewer: Element; streamItems: never[]; cues: never[]; onCuesChange: Mock<...>; summary: string; onSummaryChange: Mock<...>; }' is not assignable to type 'ModernCornellLayoutProps'.
  Types of property 'targetType' are incompatible.
    Type '"PDF"' is not assignable to type 'ContentType'.
tests/integration/cornell-selection.integration.test.tsx(66,13): error TS2322: Type '{ title: string; contentId: string; mode: "original"; onModeToggle: Mock<any, any, any>; saveStatus: "saved"; targetType: "PDF"; viewer: Element; streamItems: never[]; cues: never[]; onCuesChange: Mock<...>; summary: string; onSummaryChange: Mock<...>; }' is not assignable to type 'ModernCornellLayoutProps'.
  Types of property 'targetType' are incompatible.
    Type '"PDF"' is not assignable to type 'ContentType'.
tests/integration/cornell-selection.integration.test.tsx(101,13): error TS2322: Type '{ title: string; contentId: string; mode: "original"; onModeToggle: Mock<any, any, any>; saveStatus: "saved"; targetType: "PDF"; viewer: Element; streamItems: never[]; cues: never[]; onCuesChange: Mock<...>; summary: string; onSummaryChange: Mock<...>; }' is not assignable to type 'ModernCornellLayoutProps'.
  Types of property 'targetType' are incompatible.
    Type '"PDF"' is not assignable to type 'ContentType'.
tests/integration/cornell-selection.integration.test.tsx(120,13): error TS2322: Type '{ title: string; contentId: string; mode: "original"; onModeToggle: Mock<any, any, any>; saveStatus: "saved"; targetType: "PDF"; viewer: Element; streamItems: never[]; cues: never[]; onCuesChange: Mock<...>; summary: string; onSummaryChange: Mock<...>; }' is not assignable to type 'ModernCornellLayoutProps'.
  Types of property 'targetType' are incompatible.
    Type '"PDF"' is not assignable to type 'ContentType'.
tests/unit/api/content.api.spec.ts(56,53): error TS2345: Argument of type '{ title: string; type: "PDF"; }' is not assignable to parameter of type 'CreateContentPayload'.
  Types of property 'type' are incompatible.
    Type '"PDF"' is not assignable to type 'ContentType'.
tests/unit/components/billing/PlanBadge.test.tsx(3,33): error TS2307: Cannot find module '@/hooks/use-entitlements' or its corresponding type declarations.
tests/unit/cornell/action-toolbar.test.tsx(1,65): error TS2307: Cannot find module 'vitest' or its corresponding type declarations.
tests/unit/cornell/AIChatPanel.test.tsx(1,42): error TS2307: Cannot find module 'vitest' or its corresponding type declarations.
tests/unit/cornell/EducationalPDFViewer.test.tsx(1,38): error TS2307: Cannot find module 'vitest' or its corresponding type declarations.
tests/unit/cornell/labels.test.tsx(1,38): error TS2307: Cannot find module 'vitest' or its corresponding type declarations.
tests/unit/cornell/labels.test.tsx(10,13): error TS2739: Type '{ type: "note"; id: string; body: string; createdAt: string; }' is missing the following properties from type 'NoteStreamItem': note, updatedAt
tests/unit/cornell/labels.test.tsx(33,13): error TS2739: Type '{ type: "note"; id: string; body: string; createdAt: string; }' is missing the following properties from type 'NoteStreamItem': note, updatedAt
tests/unit/cornell/layout-labels.test.tsx(1,38): error TS2307: Cannot find module 'vitest' or its corresponding type declarations.
tests/unit/cornell/layout-labels.test.tsx(22,15): error TS2739: Type '{ title: string; mode: "view"; onModeToggle: () => void; saveStatus: "saved"; viewer: Element; streamItems: never[]; cues: never[]; onCuesChange: () => void; summary: string; onSummaryChange: () => void; }' is missing the following properties from type 'ModernCornellLayoutProps': contentId, targetType
tests/unit/cornell/layout-labels.test.tsx(29,15): error TS2739: Type '{ title: string; mode: "view"; onModeToggle: () => void; saveStatus: "saved"; viewer: Element; streamItems: never[]; cues: never[]; onCuesChange: () => void; summary: string; onSummaryChange: () => void; }' is missing the following properties from type 'ModernCornellLayoutProps': contentId, targetType
tests/unit/cornell/layout-labels.test.tsx(38,15): error TS2739: Type '{ title: string; mode: "view"; onModeToggle: () => void; saveStatus: "saved"; viewer: Element; streamItems: never[]; cues: never[]; onCuesChange: () => void; summary: string; onSummaryChange: () => void; }' is missing the following properties from type 'ModernCornellLayoutProps': contentId, targetType
tests/unit/cornell/layout-labels.test.tsx(47,37): error TS2739: Type '{ title: string; mode: "view"; onModeToggle: () => void; saveStatus: "saved"; viewer: Element; streamItems: never[]; cues: never[]; onCuesChange: () => void; summary: string; onSummaryChange: () => void; }' is missing the following properties from type 'ModernCornellLayoutProps': contentId, targetType
tests/unit/cornell/layout-labels.test.tsx(60,37): error TS2739: Type '{ title: string; mode: "view"; onModeToggle: () => void; saveStatus: "saved"; viewer: Element; streamItems: never[]; cues: never[]; onCuesChange: () => void; summary: string; onSummaryChange: () => void; }' is missing the following properties from type 'ModernCornellLayoutProps': contentId, targetType
tests/unit/cornell/layout-labels.test.tsx(71,37): error TS2739: Type '{ title: string; mode: "view"; onModeToggle: () => void; saveStatus: "saved"; viewer: Element; streamItems: never[]; cues: never[]; onCuesChange: () => void; summary: string; onSummaryChange: () => void; }' is missing the following properties from type 'ModernCornellLayoutProps': contentId, targetType
tests/unit/cornell/streamcard-new-types.test.tsx(1,42): error TS2307: Cannot find module 'vitest' or its corresponding type declarations.
tests/unit/cornell/SuggestionsPanel.test.tsx(1,42): error TS2307: Cannot find module 'vitest' or its corresponding type declarations.
tests/unit/cornell/SuggestionsPanel.test.tsx(4,33): error TS2307: Cannot find module '@/hooks/cornell/useContentContext' or its corresponding type declarations.
tests/unit/cornell/TextSelectionMenu.test.tsx(1,42): error TS2307: Cannot find module 'vitest' or its corresponding type declarations.
tests/unit/cornell/useContentContext.test.tsx(1,54): error TS2307: Cannot find module 'vitest' or its corresponding type declarations.
tests/unit/cornell/useContentContext.test.tsx(4,35): error TS2307: Cannot find module '@/hooks/cornell/useContentContext' or its corresponding type declarations.
tests/unit/cornell/useSuggestions.test.tsx(1,65): error TS2307: Cannot find module 'vitest' or its corresponding type declarations.
tests/unit/cornell/useSuggestions.test.tsx(3,32): error TS2307: Cannot find module '@/hooks/cornell/useSuggestions' or its corresponding type declarations.
tests/unit/hooks-organization.test.ts(1,38): error TS2307: Cannot find module 'vitest' or its corresponding type declarations.
tests/unit/hooks/cornell/use-stream-filter.spec.ts(55,44): error TS2339: Property 'quote' does not exist on type 'UnifiedStreamItem'.
  Property 'quote' does not exist on type 'NoteStreamItem'.
tests/unit/hooks/final-organization.test.ts(1,38): error TS2307: Cannot find module 'vitest' or its corresponding type declarations.
tests/unit/hooks/games/use-game-hooks.test.ts(1,38): error TS2307: Cannot find module 'vitest' or its corresponding type declarations.
tests/unit/hooks/sessions/group-sessions.test.ts(1,50): error TS2307: Cannot find module 'vitest' or its corresponding type declarations.
tests/unit/hooks/sessions/group-sessions.test.ts(7,63): error TS2307: Cannot find module '../group/use-sessions' or its corresponding type declarations.
tests/unit/hooks/sessions/group-sessions.test.ts(8,34): error TS2307: Cannot find module '../group/use-session-events' or its corresponding type declarations.
tests/unit/hooks/sessions/reading-sessions.test.ts(1,50): error TS2307: Cannot find module 'vitest' or its corresponding type declarations.
tests/unit/hooks/sessions/reading-sessions.test.ts(3,28): error TS2307: Cannot find module '../reading/use-session' or its corresponding type declarations.
tests/unit/hooks/ui/use-ui-hooks.test.ts(1,38): error TS2307: Cannot find module 'vitest' or its corresponding type declarations.
tests/unit/hooks/use-content.spec.tsx(121,27): error TS2345: Argument of type '{ title: string; type: "ARTICLE"; }' is not assignable to parameter of type 'CreateContentPayload'.
  Types of property 'type' are incompatible.
    Type '"ARTICLE"' is not assignable to type 'ContentType'.
tests/unit/hooks/use-content.spec.tsx(138,27): error TS2345: Argument of type '{ title: string; type: "PDF"; }' is not assignable to parameter of type 'CreateContentPayload'.
  Types of property 'type' are incompatible.
    Type '"PDF"' is not assignable to type 'ContentType'.
tests/unit/hooks/use-cornell-highlights.spec.tsx(82,27): error TS2345: Argument of type '{ type: "NOTE"; target_type: any; page_number: number; comment_text: string; }' is not assignable to parameter of type 'CreateHighlightDto'.
  Type '{ type: "NOTE"; target_type: any; page_number: number; comment_text: string; }' is missing the following properties from type 'CreateHighlightDto': kind, anchor_json
tests/unit/services/content.service.spec.ts(79,50): error TS2345: Argument of type '{ title: string; type: "PDF"; content: string; originalFileName: string; }' is not assignable to parameter of type 'CreateContentPayload'.
  Types of property 'type' are incompatible.
    Type '"PDF"' is not assignable to type 'ContentType'.
tests/unit/services/content.service.spec.ts(86,42): error TS2345: Argument of type '{ title: string; type: "PDF"; content: string; originalFileName: string; }' is not assignable to parameter of type 'CreateContentPayload'.
  Types of property 'type' are incompatible.
    Type '"PDF"' is not assignable to type 'ContentType'.
tests/unit/services/content.service.spec.ts(93,42): error TS2345: Argument of type '{ title: string; type: "PDF"; content: string; originalFileName: string; }' is not assignable to parameter of type 'CreateContentPayload'.
  Types of property 'type' are incompatible.
    Type '"PDF"' is not assignable to type 'ContentType'.
tests/unit/services/highlights.service.spec.ts(9,28): error TS2307: Cannot find module '@/services/api/cornell.api' or its corresponding type declarations.
tests/unit/services/storage.service.spec.ts(50,20): error TS2349: This expression is not callable.
  Type 'String' has no call signatures.
