
> aprendeai-frontend@0.1.0 type-check
> tsc --noEmit

app/settings/family/page.tsx(129,55): error TS2367: This comparison appears to be unintentional because the types '"GUARDIAN" | "CHILD" | undefined' and '"ADMIN"' have no overlap.
components/annotations/AnnotationSearch.tsx(5,57): error TS2307: Cannot find module '@/hooks/use-annotations' or its corresponding type declarations.
components/annotations/AnnotationSearch.tsx(155,24): error TS7006: Parameter 'annotation' implicitly has an 'any' type.
components/auth/ContextSwitcher.tsx(72,103): error TS2339: Property 'role' does not exist on type 'User'.
components/family/InviteMemberModal.tsx(17,48): error TS2345: Argument of type '"MEMBER"' is not assignable to parameter of type 'FamilyRole | (() => FamilyRole)'.
components/family/InviteMemberModal.tsx(28,15): error TS2345: Argument of type '"MEMBER"' is not assignable to parameter of type 'SetStateAction<FamilyRole>'.
components/games/GamePlayer.tsx(65,43): error TS2307: Cannot find module '@/lib/api/games' or its corresponding type declarations.
hooks/cornell/use-offline-sync.ts(3,33): error TS2307: Cannot find module '../use-online-status' or its corresponding type declarations.
hooks/domain/use-cornell-session.ts(12,68): error TS2307: Cannot find module '@/hooks/cornell/use-bookmarks' or its corresponding type declarations.
hooks/pedagogical/use-interventions.ts(3,36): error TS2459: Module '"@/lib/pedagogical/mode-configs"' declares 'ContentMode' locally, but it is not exported.
hooks/pedagogical/use-interventions.ts(22,32): error TS7053: Element implicitly has an 'any' type because expression of type 'ContentMode' can't be used to index type 'Record<ContentMode, PedagogicalConfig>'.
hooks/telemetry/use-telemetry.ts(40,30): error TS2339: Property 'mode' does not exist on type 'ContentMode'.
lib/pedagogical/intervention-manager.ts(45,38): error TS2551: Property 'maxInterventionsPerSession' does not exist on type 'PedagogicalConfig'. Did you mean 'interventionMaxPerSession'?
lib/schemas/games.schema.ts(41,14): error TS2554: Expected 2-3 arguments, but got 1.
lib/schemas/games.schema.ts(49,15): error TS2554: Expected 2-3 arguments, but got 1.
services/games/questions.service.ts(55,12): error TS2352: Conversion of type '{ id: string; text: string; type: "MULTIPLE_CHOICE" | "TRUE_FALSE" | "OPEN_ENDED" | "FLASHCARD"; difficulty: number; options?: string[] | undefined; correctAnswer?: string | undefined; explanation?: string | undefined; }[]' to type 'GameQuestion[]' may be a mistake because neither type sufficiently overlaps with the other. If this was intentional, convert the expression to 'unknown' first.
  Type '{ id: string; text: string; type: "MULTIPLE_CHOICE" | "TRUE_FALSE" | "OPEN_ENDED" | "FLASHCARD"; difficulty: number; options?: string[] | undefined; correctAnswer?: string | undefined; explanation?: string | undefined; }' is missing the following properties from type 'GameQuestion': gameId, question
services/index.ts(21,1): error TS2308: Module './api' has already exported a member named 'GameQuestion'. Consider explicitly re-exporting to resolve the ambiguity.
tests/e2e/admin-analytics-ai.spec.ts(51,12): error TS18047: 'aiResponse' is possibly 'null'.
tests/e2e/admin-analytics-ai.spec.ts(78,34): error TS18047: 'totalTokensText' is possibly 'null'.
tests/e2e/admin-analytics-ai.spec.ts(84,36): error TS18047: 'totalRequestsText' is possibly 'null'.
tests/e2e/admin-analytics-ai.spec.ts(105,21): error TS2345: Argument of type 'string | null' is not assignable to parameter of type 'string'.
  Type 'null' is not assignable to type 'string'.
tests/e2e/admin-analytics-ai.spec.ts(141,21): error TS2345: Argument of type 'string | null' is not assignable to parameter of type 'string'.
  Type 'null' is not assignable to type 'string'.
tests/e2e/billing/billing.spec.ts(2,27): error TS2307: Cannot find module './../pages/login-page' or its corresponding type declarations.
tests/e2e/sprint3-reading-persistence.spec.ts(158,38): error TS7006: Parameter 'e' implicitly has an 'any' type.
tests/unit/components/billing/PlanBadge.test.tsx(3,33): error TS2307: Cannot find module '@/hooks/use-entitlements' or its corresponding type declarations.
tests/unit/cornell/action-toolbar.test.tsx(1,65): error TS2307: Cannot find module 'vitest' or its corresponding type declarations.
tests/unit/cornell/AIChatPanel.test.tsx(1,42): error TS2307: Cannot find module 'vitest' or its corresponding type declarations.
tests/unit/cornell/EducationalPDFViewer.test.tsx(1,38): error TS2307: Cannot find module 'vitest' or its corresponding type declarations.
tests/unit/cornell/labels.test.tsx(1,38): error TS2307: Cannot find module 'vitest' or its corresponding type declarations.
tests/unit/cornell/labels.test.tsx(10,13): error TS2739: Type '{ type: "note"; id: string; body: string; createdAt: string; }' is missing the following properties from type 'NoteStreamItem': note, updatedAt
tests/unit/cornell/labels.test.tsx(33,13): error TS2739: Type '{ type: "note"; id: string; body: string; createdAt: string; }' is missing the following properties from type 'NoteStreamItem': note, updatedAt
tests/unit/cornell/layout-labels.test.tsx(1,38): error TS2307: Cannot find module 'vitest' or its corresponding type declarations.
tests/unit/cornell/layout-labels.test.tsx(25,15): error TS2322: Type '{ title: string; contentId: string; targetType: ContentType; mode: "view"; onModeToggle: () => void; saveStatus: "saved"; viewer: Element; streamItems: never[]; cues: never[]; onCuesChange: () => void; summary: string; onSummaryChange: () => void; }' is not assignable to type 'ModernCornellLayoutProps'.
  Types of property 'mode' are incompatible.
    Type '"view"' is not assignable to type 'ViewMode'.
tests/unit/cornell/layout-labels.test.tsx(32,15): error TS2322: Type '{ title: string; contentId: string; targetType: ContentType; mode: "view"; onModeToggle: () => void; saveStatus: "saved"; viewer: Element; streamItems: never[]; cues: never[]; onCuesChange: () => void; summary: string; onSummaryChange: () => void; }' is not assignable to type 'ModernCornellLayoutProps'.
  Types of property 'mode' are incompatible.
    Type '"view"' is not assignable to type 'ViewMode'.
tests/unit/cornell/layout-labels.test.tsx(41,15): error TS2322: Type '{ title: string; contentId: string; targetType: ContentType; mode: "view"; onModeToggle: () => void; saveStatus: "saved"; viewer: Element; streamItems: never[]; cues: never[]; onCuesChange: () => void; summary: string; onSummaryChange: () => void; }' is not assignable to type 'ModernCornellLayoutProps'.
  Types of property 'mode' are incompatible.
    Type '"view"' is not assignable to type 'ViewMode'.
tests/unit/cornell/layout-labels.test.tsx(50,37): error TS2322: Type '{ title: string; contentId: string; targetType: ContentType; mode: "view"; onModeToggle: () => void; saveStatus: "saved"; viewer: Element; streamItems: never[]; cues: never[]; onCuesChange: () => void; summary: string; onSummaryChange: () => void; }' is not assignable to type 'ModernCornellLayoutProps'.
  Types of property 'mode' are incompatible.
    Type '"view"' is not assignable to type 'ViewMode'.
tests/unit/cornell/layout-labels.test.tsx(63,37): error TS2322: Type '{ title: string; contentId: string; targetType: ContentType; mode: "view"; onModeToggle: () => void; saveStatus: "saved"; viewer: Element; streamItems: never[]; cues: never[]; onCuesChange: () => void; summary: string; onSummaryChange: () => void; }' is not assignable to type 'ModernCornellLayoutProps'.
  Types of property 'mode' are incompatible.
    Type '"view"' is not assignable to type 'ViewMode'.
tests/unit/cornell/layout-labels.test.tsx(74,37): error TS2322: Type '{ title: string; contentId: string; targetType: ContentType; mode: "view"; onModeToggle: () => void; saveStatus: "saved"; viewer: Element; streamItems: never[]; cues: never[]; onCuesChange: () => void; summary: string; onSummaryChange: () => void; }' is not assignable to type 'ModernCornellLayoutProps'.
  Types of property 'mode' are incompatible.
    Type '"view"' is not assignable to type 'ViewMode'.
tests/unit/cornell/streamcard-new-types.test.tsx(1,42): error TS2307: Cannot find module 'vitest' or its corresponding type declarations.
tests/unit/cornell/SuggestionsPanel.test.tsx(1,42): error TS2307: Cannot find module 'vitest' or its corresponding type declarations.
tests/unit/cornell/SuggestionsPanel.test.tsx(4,33): error TS2307: Cannot find module '@/hooks/cornell/useContentContext' or its corresponding type declarations.
tests/unit/cornell/TextSelectionMenu.test.tsx(1,42): error TS2307: Cannot find module 'vitest' or its corresponding type declarations.
tests/unit/cornell/useContentContext.test.tsx(1,54): error TS2307: Cannot find module 'vitest' or its corresponding type declarations.
tests/unit/cornell/useContentContext.test.tsx(4,35): error TS2307: Cannot find module '@/hooks/cornell/useContentContext' or its corresponding type declarations.
tests/unit/cornell/useSuggestions.test.tsx(1,65): error TS2307: Cannot find module 'vitest' or its corresponding type declarations.
tests/unit/cornell/useSuggestions.test.tsx(3,32): error TS2307: Cannot find module '@/hooks/cornell/useSuggestions' or its corresponding type declarations.
tests/unit/hooks-organization.test.ts(1,38): error TS2307: Cannot find module 'vitest' or its corresponding type declarations.
tests/unit/hooks/cornell/use-stream-filter.spec.ts(55,44): error TS2339: Property 'quote' does not exist on type 'UnifiedStreamItem'.
  Property 'quote' does not exist on type 'NoteStreamItem'.
tests/unit/hooks/domain/use-pdf-highlights.spec.tsx(68,24): error TS2345: Argument of type '{ id: string; contentId: string; userId: string; kind: "TEXT"; targetType: ContentType; content: { text: string; }; colorKey: string; createdAt: Date; updatedAt: Date; position: { ...; }; anchorJson: undefined; tagsJson: never[]; }[]' is not assignable to parameter of type 'Highlight[]'.
  Type '{ id: string; contentId: string; userId: string; kind: "TEXT"; targetType: ContentType; content: { text: string; }; colorKey: string; createdAt: Date; updatedAt: Date; position: { ...; }; anchorJson: undefined; tagsJson: never[]; }' is not assignable to type 'Highlight'.
    Types of property 'anchorJson' are incompatible.
      Type 'undefined' is not assignable to type 'PDFTextAnchor | PDFAreaAnchor | ImageAreaAnchor | DocxTextAnchor'.
tests/unit/hooks/domain/use-pdf-highlights.spec.tsx(78,24): error TS2345: Argument of type '{ id: string; contentId: string; userId: string; kind: "TEXT"; targetType: ContentType; content: { text: string; }; colorKey: string; createdAt: Date; updatedAt: Date; position: { ...; }; anchorJson: undefined; tagsJson: never[]; }[]' is not assignable to parameter of type 'Highlight[]'.
  Type '{ id: string; contentId: string; userId: string; kind: "TEXT"; targetType: ContentType; content: { text: string; }; colorKey: string; createdAt: Date; updatedAt: Date; position: { ...; }; anchorJson: undefined; tagsJson: never[]; }' is not assignable to type 'Highlight'.
    Types of property 'anchorJson' are incompatible.
      Type 'undefined' is not assignable to type 'PDFTextAnchor | PDFAreaAnchor | ImageAreaAnchor | DocxTextAnchor'.
tests/unit/hooks/domain/use-pdf-highlights.spec.tsx(97,24): error TS2345: Argument of type '{ id: string; contentId: string; userId: string; kind: "TEXT"; targetType: ContentType; content: { text: string; }; colorKey: string; createdAt: Date; updatedAt: Date; position: { ...; }; anchorJson: undefined; tagsJson: never[]; }[]' is not assignable to parameter of type 'Highlight[]'.
  Type '{ id: string; contentId: string; userId: string; kind: "TEXT"; targetType: ContentType; content: { text: string; }; colorKey: string; createdAt: Date; updatedAt: Date; position: { ...; }; anchorJson: undefined; tagsJson: never[]; }' is not assignable to type 'Highlight'.
    Types of property 'anchorJson' are incompatible.
      Type 'undefined' is not assignable to type 'PDFTextAnchor | PDFAreaAnchor | ImageAreaAnchor | DocxTextAnchor'.
tests/unit/hooks/domain/use-pdf-highlights.spec.tsx(132,24): error TS2345: Argument of type '{ id: string; contentId: string; userId: string; kind: "TEXT"; targetType: ContentType; content: { text: string; }; colorKey: string; createdAt: Date; updatedAt: Date; position: { ...; }; anchorJson: undefined; tagsJson: never[]; }[]' is not assignable to parameter of type 'Highlight[]'.
  Type '{ id: string; contentId: string; userId: string; kind: "TEXT"; targetType: ContentType; content: { text: string; }; colorKey: string; createdAt: Date; updatedAt: Date; position: { ...; }; anchorJson: undefined; tagsJson: never[]; }' is not assignable to type 'Highlight'.
    Types of property 'anchorJson' are incompatible.
      Type 'undefined' is not assignable to type 'PDFTextAnchor | PDFAreaAnchor | ImageAreaAnchor | DocxTextAnchor'.
tests/unit/hooks/domain/use-pdf-highlights.spec.tsx(153,24): error TS2345: Argument of type '{ id: string; contentId: string; userId: string; kind: "TEXT"; targetType: ContentType; content: { text: string; }; colorKey: string; createdAt: Date; updatedAt: Date; position: { ...; }; anchorJson: undefined; tagsJson: never[]; }[]' is not assignable to parameter of type 'Highlight[]'.
  Type '{ id: string; contentId: string; userId: string; kind: "TEXT"; targetType: ContentType; content: { text: string; }; colorKey: string; createdAt: Date; updatedAt: Date; position: { ...; }; anchorJson: undefined; tagsJson: never[]; }' is not assignable to type 'Highlight'.
    Types of property 'anchorJson' are incompatible.
      Type 'undefined' is not assignable to type 'PDFTextAnchor | PDFAreaAnchor | ImageAreaAnchor | DocxTextAnchor'.
tests/unit/hooks/domain/use-pdf-highlights.spec.tsx(178,24): error TS2345: Argument of type '{ id: string; contentId: string; userId: string; kind: "TEXT"; targetType: ContentType; content: { text: string; }; colorKey: string; createdAt: Date; updatedAt: Date; position: { ...; }; anchorJson: undefined; tagsJson: never[]; }[]' is not assignable to parameter of type 'Highlight[]'.
  Type '{ id: string; contentId: string; userId: string; kind: "TEXT"; targetType: ContentType; content: { text: string; }; colorKey: string; createdAt: Date; updatedAt: Date; position: { ...; }; anchorJson: undefined; tagsJson: never[]; }' is not assignable to type 'Highlight'.
    Types of property 'anchorJson' are incompatible.
      Type 'undefined' is not assignable to type 'PDFTextAnchor | PDFAreaAnchor | ImageAreaAnchor | DocxTextAnchor'.
tests/unit/hooks/games/use-game-hooks.test.ts(1,38): error TS2307: Cannot find module 'vitest' or its corresponding type declarations.
tests/unit/hooks/sessions/group-sessions.test.ts(1,50): error TS2307: Cannot find module 'vitest' or its corresponding type declarations.
tests/unit/hooks/sessions/group-sessions.test.ts(7,63): error TS2307: Cannot find module '../group/use-sessions' or its corresponding type declarations.
tests/unit/hooks/sessions/group-sessions.test.ts(8,34): error TS2307: Cannot find module '../group/use-session-events' or its corresponding type declarations.
tests/unit/hooks/sessions/reading-sessions.test.ts(1,50): error TS2307: Cannot find module 'vitest' or its corresponding type declarations.
tests/unit/hooks/sessions/reading-sessions.test.ts(3,28): error TS2307: Cannot find module '../reading/use-session' or its corresponding type declarations.
tests/unit/hooks/ui/use-ui-hooks.test.ts(1,38): error TS2307: Cannot find module 'vitest' or its corresponding type declarations.
tests/unit/lib/constants/enums.spec.ts(65,40): error TS2339: Property 'EDUCATOR' does not exist on type 'typeof FamilyRole'.
tests/unit/lib/constants/enums.spec.ts(70,40): error TS2339: Property 'LEARNER' does not exist on type 'typeof FamilyRole'.
tests/unit/services/highlights.service.spec.ts(9,28): error TS2307: Cannot find module '@/services/api/cornell.api' or its corresponding type declarations.
tests/unit/services/storage.service.spec.ts(50,20): error TS2349: This expression is not callable.
  Type 'String' has no call signatures.
